../Core/Src/E220.c:24:15:E220_WaitReady	4	static
../Core/Src/E220.c:32:15:E220_CheckSentReadPacket	4	static
../Core/Src/E220.c:40:15:E220_SendPacket	16	static
../Core/Src/E220.c:47:15:E220_SetMode	16	static
../Core/Src/E220.c:74:6:E220_Set_AddressModule	32	static
../Core/Src/E220.c:92:6:E220_Set_Uart_Rate_Parity_Data	24	static
../Core/Src/E220.c:128:6:E220_Set_SubPacket_RSSI_TransPower	24	static
../Core/Src/E220.c:153:6:E220_Set_Channel	24	static
../Core/Src/E220.c:165:6:E220_Set_RSSI_TransmissionMethod_LBT_WORCycle	32	static
../Core/Src/E220.c:193:6:E220_Set_Key	32	static
../Core/Src/E220.c:211:6:E220_Set_Settings	32	static
../Core/Src/E220.c:227:6:E220_SetDefaultSettings	32	static
../Core/Src/E220.c:260:10:E220_ReadAddress_REG	24	static
../Core/Src/E220.c:271:9:E220_ReadREG0_REG	16	static
../Core/Src/E220.c:281:9:E220_ReadREG1_REG	16	static
../Core/Src/E220.c:291:9:E220_ReadREG2_REG	24	static
../Core/Src/E220.c:301:9:E220_ReadREG3_REG	16	static
../Core/Src/E220.c:313:7:E220_Read_Address	24	static
../Core/Src/E220.c:341:7:E220_Read_SerialPortRate	16	static
../Core/Src/E220.c:366:7:E220_Read_SerialParityBit	16	static
../Core/Src/E220.c:387:7:E220_Read_AirDataRate	16	static
../Core/Src/E220.c:412:7:E220_Read_SubPacketSetting	16	static
../Core/Src/E220.c:433:7:E220_Read_RSSIAmbientNoiseEnable	16	static
../Core/Src/E220.c:452:7:E220_Read_TransmitiingPower	16	static
../Core/Src/E220.c:473:7:E220_Read_ChannelControl	16	static
../Core/Src/E220.c:493:7:E220_Read_EnableRSSIByte	16	static
../Core/Src/E220.c:512:7:E220_Read_TransmissionMethod	16	static
../Core/Src/E220.c:531:7:E220_Read_LBTEnable	16	static
../Core/Src/E220.c:550:7:E220_Read_WORCycle	16	static
../Core/Src/E220.c:601:6:SendOnChannel	32	static
