../Core/Src/main.c:100:5:main	11
../Core/Src/main.c:194:6:SystemClock_Config	3
../Core/Src/main.c:234:13:MX_I2C1_Init	2
../Core/Src/main.c:268:13:MX_TIM2_Init	9
../Core/Src/main.c:339:13:MX_USART1_UART_Init	2
../Core/Src/main.c:372:13:MX_USART3_UART_Init	2
../Core/Src/main.c:405:13:MX_GPIO_Init	1
../Core/Src/main.c:485:13:Hardware_Init	1
../Core/Src/main.c:496:13:Device_Init	1
../Core/Src/main.c:517:13:Display_Init	1
../Core/Src/main.c:531:13:UpdateOledDisplay	5
../Core/Src/main.c:559:13:SendResponse	1
../Core/Src/main.c:576:6:HAL_UART_RxCpltCallback	19
../Core/Src/main.c:654:6:HAL_UART_ErrorCallback	3
../Core/Src/main.c:664:6:HAL_GPIO_EXTI_Callback	2
../Core/Src/main.c:670:6:SetMotorData	5
../Core/Src/main.c:716:6:Error_Handler	1
