../Core/Src/main.c:100:5:main	24	static
../Core/Src/main.c:194:6:SystemClock_Config	72	static
../Core/Src/main.c:234:13:MX_I2C1_Init	8	static
../Core/Src/main.c:268:13:MX_TIM2_Init	64	static
../Core/Src/main.c:339:13:MX_USART1_UART_Init	8	static
../Core/Src/main.c:372:13:MX_USART3_UART_Init	8	static
../Core/Src/main.c:405:13:MX_GPIO_Init	40	static
../Core/Src/main.c:485:13:Hardware_Init	8	static
../Core/Src/main.c:496:13:Device_Init	8	static
../Core/Src/main.c:517:13:Display_Init	8	static
../Core/Src/main.c:531:13:UpdateOledDisplay	56	static
../Core/Src/main.c:559:13:SendResponse	24	static
../Core/Src/main.c:576:6:HAL_UART_RxCpltCallback	16	static
../Core/Src/main.c:654:6:HAL_UART_ErrorCallback	24	static
../Core/Src/main.c:664:6:HAL_GPIO_EXTI_Callback	16	static
../Core/Src/main.c:670:6:SetMotorData	8	static
../Core/Src/main.c:724:6:Error_Handler	4	static,ignoring_inline_asm
